{
  "$schema": "https://json-schema.org/draft/2020-12/schema",
  "additionalProperties": true,
  "properties": {
    "fire_proto": {
      "anyOf": [
        {
          "maximum": 65535,
          "minimum": 0,
          "type": "integer"
        },
        {
          "type": "null"
        }
      ]
    },
    "fire_ws": {
      "anyOf": [
        {
          "type": "string"
        },
        {
          "type": "null"
        }
      ]
    },
    "hosts": {
      "items": {
        "additionalProperties": true,
        "properties": {
          "by": {
            "anyOf": [
              {
                "type": "string"
              },
              {
                "type": "null"
              }
            ]
          },
          "commit": {
            "anyOf": [
              {
                "type": "string"
              },
              {
                "type": "null"
              }
            ]
          },
          "fire_commit": {
            "anyOf": [
              {
                "type": "string"
              },
              {
                "type": "null"
              }
            ]
          },
          "fire_proto": {
            "anyOf": [
              {
                "maximum": 65535,
                "minimum": 0,
                "type": "integer"
              },
              {
                "type": "null"
              }
            ]
          },
          "fire_version": {
            "anyOf": [
              {
                "type": "string"
              },
              {
                "type": "null"
              }
            ]
          },
          "fire_ws": {
            "anyOf": [
              {
                "type": "string"
              },
              {
                "type": "null"
              }
            ]
          },
          "kings_commit": {
            "anyOf": [
              {
                "type": "string"
              },
              {
                "type": "null"
              }
            ]
          },
          "kings_proto": {
            "anyOf": [
              {
                "maximum": 65535,
                "minimum": 0,
                "type": "integer"
              },
              {
                "type": "null"
              }
            ]
          },
          "kings_version": {
            "anyOf": [
              {
                "type": "string"
              },
              {
                "type": "null"
              }
            ]
          },
          "kings_ws": {
            "anyOf": [
              {
                "type": "string"
              },
              {
                "type": "null"
              }
            ]
          },
          "league_commit": {
            "anyOf": [
              {
                "type": "string"
              },
              {
                "type": "null"
              }
            ]
          },
          "league_proto": {
            "anyOf": [
              {
                "maximum": 65535,
                "minimum": 0,
                "type": "integer"
              },
              {
                "type": "null"
              }
            ]
          },
          "league_version": {
            "anyOf": [
              {
                "type": "string"
              },
              {
                "type": "null"
              }
            ]
          },
          "league_ws": {
            "anyOf": [
              {
                "type": "string"
              },
              {
                "type": "null"
              }
            ]
          },
          "name": {
            "type": "string"
          },
          "proto": {
            "anyOf": [
              {
                "maximum": 65535,
                "minimum": 0,
                "type": "integer"
              },
              {
                "type": "null"
              }
            ]
          },
          "updated": {
            "anyOf": [
              {
                "type": "string"
              },
              {
                "type": "null"
              }
            ]
          },
          "version": {
            "anyOf": [
              {
                "type": "string"
              },
              {
                "type": "null"
              }
            ]
          },
          "ws": {
            "anyOf": [
              {
                "type": "string"
              },
              {
                "type": "null"
              }
            ]
          }
        },
        "required": [
          "name"
        ],
        "type": "object"
      },
      "type": "array"
    },
    "mirrors": {
      "items": {
        "additionalProperties": true,
        "properties": {
          "name": {
            "type": "string"
          },
          "url": {
            "type": "string"
          }
        },
        "required": [
          "url",
          "name"
        ],
        "type": "object"
      },
      "type": "array"
    },
    "proto": {
      "anyOf": [
        {
          "maximum": 65535,
          "minimum": 0,
          "type": "integer"
        },
        {
          "type": "null"
        }
      ]
    },
    "v": {
      "anyOf": [
        {
          "type": "string"
        },
        {
          "type": "null"
        }
      ]
    },
    "ws": {
      "anyOf": [
        {
          "type": "string"
        },
        {
          "type": "null"
        }
      ]
    }
  },
  "required": [],
  "title": "HostBook",
  "type": "object"
}
